app/(public)/courses/[slug]/actions.ts(125,62): error TS2769: No overload matches this call.
  Overload 1 of 2, '(params?: SessionCreateParams | undefined, options?: RequestOptions | undefined): Promise<Response<Session>>', gave the following error.
    Type 'string | null' is not assignable to type 'string | undefined'.
      Type 'null' is not assignable to type 'string | undefined'.
  Overload 2 of 2, '(options?: RequestOptions | undefined): Promise<Response<Session>>', gave the following error.
    Object literal may only specify known properties, and 'customer' does not exist in type 'RequestOptions'.
app/(public)/courses/page-redesigned.tsx(469,43): error TS2322: Type '{ createdAt: string; id: string; title: string; fileKey: string; price: number; duration: number; level: $Enums.CourseLevel; category: string; smallDescription: string; slug: string; }' is not assignable to type 'PublicCourseType'.
  Type '{ createdAt: string; id: string; title: string; fileKey: string; price: number; duration: number; level: CourseLevel; category: string; smallDescription: string; slug: string; }' is missing the following properties from type 'Omit<{ id: string; createdAt: Date; updatedAt: Date; userId: string; title: string; description: string; fileKey: string; price: number; duration: number; level: CourseLevel; ... 15 more ...; categoryId: string | null; }, "createdAt">': updatedAt, userId, description, stripePriceId, and 12 more.
app/(public)/courses/page.tsx(122,38): error TS2322: Type '{ createdAt: string; id: string; title: string; fileKey: string; price: number; duration: number; level: CourseLevel; category: string; smallDescription: string; slug: string; }[]' is not assignable to type 'PublicCourseType[]'.
  Type '{ createdAt: string; id: string; title: string; fileKey: string; price: number; duration: number; level: $Enums.CourseLevel; category: string; smallDescription: string; slug: string; }' is not assignable to type 'PublicCourseType'.
    Type '{ createdAt: string; id: string; title: string; fileKey: string; price: number; duration: number; level: CourseLevel; category: string; smallDescription: string; slug: string; }' is missing the following properties from type 'Omit<{ id: string; createdAt: Date; updatedAt: Date; userId: string; title: string; description: string; fileKey: string; price: number; duration: number; level: CourseLevel; ... 15 more ...; categoryId: string | null; }, "createdAt">': updatedAt, userId, description, stripePriceId, and 12 more.
app/(public)/register/page.tsx(29,22): error TS2307: Cannot find module 'embla-carousel-autoplay' or its corresponding type declarations.
app/(public)/register/page.tsx(92,6): error TS2304: Cannot find name 'AnimationWrapper'.
app/(public)/register/page.tsx(281,7): error TS2304: Cannot find name 'AnimationWrapper'.
app/actions/certificates.ts(33,17): error TS2561: Object literal may only specify known properties, but 'lesson' does not exist in type 'LessonProgressWhereInput'. Did you mean to write 'Lesson'?
app/admin/team/page.tsx(35,19): error TS2561: Object literal may only specify known properties, but 'Enrollment' does not exist in type 'UserCountOutputTypeSelect<DefaultArgs>'. Did you mean to write 'enrollment'?
app/admin/team/page.tsx(84,42): error TS2339: Property 'teacherProfile' does not exist on type '{ name: string; id: string; email: string; emailVerified: boolean; image: string | null; createdAt: Date; updatedAt: Date; stripeCustomerId: string | null; role: string | null; banned: boolean | null; banReason: string | null; banExpires: Date | null; }'.
app/admin/team/page.tsx(96,67): error TS2339: Property 'teacherProfile' does not exist on type '{ name: string; id: string; email: string; emailVerified: boolean; image: string | null; createdAt: Date; updatedAt: Date; stripeCustomerId: string | null; role: string | null; banned: boolean | null; banReason: string | null; banExpires: Date | null; }'.
app/admin/team/page.tsx(107,36): error TS2339: Property 'teacherProfile' does not exist on type '{ name: string; id: string; email: string; emailVerified: boolean; image: string | null; createdAt: Date; updatedAt: Date; stripeCustomerId: string | null; role: string | null; banned: boolean | null; banReason: string | null; banExpires: Date | null; }'.
app/admin/team/page.tsx(128,30): error TS18047: 'member.role' is possibly 'null'.
app/data/live-session/get-all-sessions.ts(2,10): error TS2305: Module '"@/lib/utils"' has no exported member 'stableSort'.
components/ui/carousel.tsx(205,13): error TS2322: Type '{ children: Element[]; asChild?: boolean | undefined; disabled: boolean; form?: string | undefined; formAction?: string | ((formData: FormData) => void | Promise<void>) | undefined; ... 287 more ...; className: string; }' is not assignable to type 'IntrinsicAttributes & ButtonProps'.
  Property 'ref' does not exist on type 'IntrinsicAttributes & ButtonProps'.
components/ui/carousel.tsx(234,13): error TS2322: Type '{ children: Element[]; asChild?: boolean | undefined; disabled: boolean; form?: string | undefined; formAction?: string | ((formData: FormData) => void | Promise<void>) | undefined; ... 287 more ...; className: string; }' is not assignable to type 'IntrinsicAttributes & ButtonProps'.
  Property 'ref' does not exist on type 'IntrinsicAttributes & ButtonProps'.
